0 verbose cli C:\Program Files\nodejs\node.exe C:\Users\Saksh\AppData\Roaming\npm\node_modules\npm\bin\npm-cli.js
1 info using npm@11.7.0
2 info using node@v22.20.0
3 silly config load:file:C:\Users\Saksh\AppData\Roaming\npm\node_modules\npm\npmrc
4 silly config load:file:C:\.npmrc
5 silly config load:file:C:\Users\Saksh\.npmrc
6 silly config load:file:C:\Users\Saksh\AppData\Roaming\npm\etc\npmrc
7 verbose title npm create vite@latest forgesite --template react
8 verbose argv "create" "vite@latest" "forgesite" "--" "--template" "react"
9 verbose logfile logs-max:10 dir:C:\Users\Saksh\OneDrive\Desktop\FACTORY DETECTIVE\%USERPROFILE%\AppData\Local\npm-cache\_logs\2026-09-19T10_37_55_960Z-
10 verbose logfile C:\Users\Saksh\OneDrive\Desktop\FACTORY DETECTIVE\%USERPROFILE%\AppData\Local\npm-cache\_logs\2026-09-19T10_37_55_960Z-debug-0.log
11 silly logfile done cleaning log files
12 silly packumentCache heap:4345298944 maxSize:1086324736 maxEntrySize:543162368
13 http fetch GET 200 https://registry.npmjs.org/npm 231ms
14 http fetch GET 200 https://registry.npmjs.org/create-vite 351ms (cache miss)
15 silly packumentCache heap:4345298944 maxSize:1086324736 maxEntrySize:543162368
16 warn exec The following package was not found and will be installed: create-vite@9.2.1
17 silly idealTree buildDeps
18 silly fetch manifest create-vite@9.2.1
19 silly packumentCache full:https://registry.npmjs.org/create-vite cache-miss
20 http fetch GET 200 https://registry.npmjs.org/create-vite 327ms (cache miss)
21 silly packumentCache full:https://registry.npmjs.org/create-vite set size:undefined disposed:false
22 silly placeDep ROOT create-vite@9.2.1 OK for:  want: 9.2.1
23 silly reify moves {}
24 silly audit bulk request { 'create-vite': [ '9.2.1' ] }
25 http cache create-vite@https://registry.npmjs.org/create-vite/-/create-vite-9.2.1.tgz 0ms (cache hit)
26 silly tarball no local data for create-vite@https://registry.npmjs.org/create-vite/-/create-vite-9.2.1.tgz. Extracting by manifest.
27 http fetch POST 200 https://registry.npmjs.org/-/npm/v1/security/advisories/bulk 239ms
28 silly audit report {}
29 http fetch GET 200 https://registry.npmjs.org/create-vite/-/create-vite-9.2.1.tgz 762ms (cache miss)
30 verbose cwd C:\Users\Saksh\OneDrive\Desktop\FACTORY DETECTIVE
31 verbose os Windows_NT 10.0.26200
32 verbose node v22.20.0
33 verbose npm  v11.7.0
34 notice
34 notice New minor version of npm available! 11.7.0 -> 11.19.1
34 notice Changelog: https://github.com/npm/cli/releases/tag/v11.19.1
34 notice To update run: npm install -g npm@11.19.1
34 notice  { force: true, [Symbol(proc-log.meta)]: true }
35 verbose exit 0
36 info ok
