[2m5:14:46 pm[22m [31m[1m[vite][22m[39m [31mhttp proxy error: /api/investigation[39m
Error: read ECONNRESET
    at TCP.onStreamRead (node:internal/stream_base_commons:216:20)
[2m5:14:46 pm[22m [31m[1m[vite][22m[39m [31mhttp proxy error: /api/investigation[39m
Error: read ECONNRESET
    at TCP.onStreamRead (node:internal/stream_base_commons:216:20)
[2m5:21:44 pm[22m [31m[1m[vite][22m[39m [31mhttp proxy error: /api/investigation[39m
Error: read ECONNRESET
    at TCP.onStreamRead (node:internal/stream_base_commons:216:20)
[2m5:21:44 pm[22m [31m[1m[vite][22m[39m [31mhttp proxy error: /api/kpis[39m
Error: read ECONNRESET
    at TCP.onStreamRead (node:internal/stream_base_commons:216:20)
[2m5:21:44 pm[22m [31m[1m[vite][22m[39m [31mhttp proxy error: /api/kpis[39m
Error: read ECONNRESET
    at TCP.onStreamRead (node:internal/stream_base_commons:216:20)
[2m5:21:44 pm[22m [31m[1m[vite][22m[39m [31mhttp proxy error: /api/investigation[39m
Error: read ECONNRESET
    at TCP.onStreamRead (node:internal/stream_base_commons:216:20)
[2m5:21:44 pm[22m [31m[1m[vite][22m[39m [31mhttp proxy error: /api/bottlenecks[39m
Error: read ECONNRESET
    at TCP.onStreamRead (node:internal/stream_base_commons:216:20)
